
> vite_react_shadcn_ts@0.0.0 build
> vite build

[36mvite v5.4.10 [32mbuilding for production...[36m[39m
transforming...
node.exe : Browserslist: browsers data (caniuse-lite) is 18 months old. Please 
run:
At C:\Program Files\nodejs\npm.ps1:29 char:3
+   & $NODE_EXE $NPM_CLI_JS $args
+   ~~~~~~~~~~~~~~~~~~~~~~~~~~~~~
    + CategoryInfo          : NotSpecified: (Browserslist: b...ld. Please run:: 
   String) [], RemoteException
    + FullyQualifiedErrorId : NativeCommandError
 
  npx update-browserslist-db@latest
  Why you should do it regularly: 
https://github.com/browserslist/update-db#readme

[1m[33mwarn[39m[22m - The class `ease-[cubic-bezier(0.2,0.8,0.2,1)]` is 
ambiguous and matches multiple utilities.
[1m[33mwarn[39m[22m - If this is content and not a class, replace it with 
`ease-&lsqb;cubic-bezier(0.2,0.8,0.2,1)&rsqb;` to silence this warning.
[32mΓ£ô[39m 4 modules transformed.
[31mx[39m Build failed in 2.81s
[31merror during build:
[31m[vite:css] [postcss] 
D:/aiml-verse-portfolio-main/aiml-verse-portfolio-main/src/index.css:118:5: The 
`ease-[cubic-bezier(0.2,0.8,0.2,1)]` class does not exist. If 
`ease-[cubic-bezier(0.2,0.8,0.2,1)]` is a custom class, make sure it is defined 
within a `@layer` directive.[31m
file: [36mD:/aiml-verse-portfolio-main/aiml-verse-portfolio-main/src/index.css:
118:4[31m
    at Input.error (D:\aiml-verse-portfolio-main\aiml-verse-portfolio-main\node_
modules\postcss\lib\input.js:106:16)
    at AtRule.error (D:\aiml-verse-portfolio-main\aiml-verse-portfolio-main\node
_modules\postcss\lib\node.js:115:32)
    at processApply (D:\aiml-verse-portfolio-main\aiml-verse-portfolio-main\node
_modules\tailwindcss\lib\lib\expandApplyAtRules.js:380:29)
    at D:\aiml-verse-portfolio-main\aiml-verse-portfolio-main\node_modules\tailw
indcss\lib\lib\expandApplyAtRules.js:551:9
    at D:\aiml-verse-portfolio-main\aiml-verse-portfolio-main\node_modules\tailw
indcss\lib\processTailwindFeatures.js:55:50
    at async plugins (D:\aiml-verse-portfolio-main\aiml-verse-portfolio-main\nod
e_modules\tailwindcss\lib\plugin.js:38:17)
    at async LazyResult.runAsync (D:\aiml-verse-portfolio-main\aiml-verse-portfo
lio-main\node_modules\postcss\lib\lazy-result.js:261:11)
    at async compileCSS (file:///D:/aiml-verse-portfolio-main/aiml-verse-portfol
io-main/node_modules/vite/dist/node/chunks/dep-BWSbWtLw.js:36897:21)
    at async Object.transform (file:///D:/aiml-verse-portfolio-main/aiml-verse-p
ortfolio-main/node_modules/vite/dist/node/chunks/dep-BWSbWtLw.js:36170:11)
    at async transform (file:///D:/aiml-verse-portfolio-main/aiml-verse-portfoli
o-main/node_modules/rollup/dist/es/shared/node-entry.js:19581:16)[39m
